// Jest Snapshot v1, https://goo.gl/fbAQLP

exports[`renders with correct styles 1`] = `
.emotion-1 {
  font-weight: 500;
  text-transform: lowercase;
  color: currentcolor;
}

.emotion-0 {
  display: none;
}

@media screen and (min-width:40em) {
  .emotion-0 {
    display: inline;
  }
}

<span
  className="emotion-1"
>
  ùå∫ 
  <div
    className="emotion-0"
    display={
      Array [
        "none",
        "inline",
      ]
    }
  >
    analogic.al
  </div>
</span>
`;
