// Jest Snapshot v1, https://goo.gl/fbAQLP

exports[`renders with correct styles 1`] = `
.emotion-0 {
  padding: 4px;
}

@media screen and (min-width:40em) {
  .emotion-0 {
    padding: 8px;
  }
}

<div
  className="emotion-0"
>
  hello world
</div>
`;
