// Jest Snapshot v1, https://goo.gl/fbAQLP

exports[`renders with correct styles 1`] = `
.emotion-4 {
  overflow-x: scroll;
  overflow-y: hidden;
  white-space: nowrap;
  -webkit-overflow-scrolling: touch;
}

.emotion-4::-webkit-scrollbar {
  display: none;
}

.emotion-2 {
  margin: 0;
  padding: 0;
  list-style: none;
}

.emotion-2 li {
  display: inline-block;
  margin-right: 10px;
}

.emotion-2 li:last-child {
  margin-right: 0;
}

.emotion-2 a {
  -webkit-text-decoration: none;
  text-decoration: none;
  text-transform: lowercase;
  -webkit-transition: color 1s;
  transition: color 1s;
  font-size: 16px;
}

.emotion-1 {
  font-weight: 500;
  text-transform: lowercase;
  color: currentcolor;
}

.emotion-0 {
  display: none;
}

@media screen and (min-width:40em) {
  .emotion-0 {
    display: inline;
  }
}

<div
  className="emotion-4"
>
  <nav>
    <ul
      className="emotion-2 emotion-3"
    >
      <li>
        <a
          className={null}
          href="/"
          onClick={[Function]}
        >
          <span
            className="emotion-1"
          >
            ùå∫ 
            <div
              className="emotion-0"
              display={
                Array [
                  "none",
                  "inline",
                ]
              }
            >
              analogic.al
            </div>
          </span>
        </a>
      </li>
      <li>
        <a
          className={null}
          href="/changelog"
          onClick={[Function]}
        >
          Changelog
        </a>
      </li>
      <li>
        <a
          className={null}
          href="/projects"
          onClick={[Function]}
        >
          Projects
        </a>
      </li>
    </ul>
  </nav>
</div>
`;
