// Jest Snapshot v1, https://goo.gl/fbAQLP

exports[`CardTitle CardTitle 1`] = `
<h4
  className="jsx-3680783396"
>
  Hello
</h4>
`;
